

******************************************************************************  Tool and Invocation  *******************************************************************************
+----------------------------------------------------------------------------------------------------------------------------------------------------------------------------------+
| tool          | TASKING VX-toolset for TriCore: object linker v6.3r1 Build 21092262 SN 73118428                                                                                  |
| path          | D:\Program Files\TASKING\TriCore v6.3r1\ctc\bin\ltc                                                                                                              |
| arguments     | -f cc27344a                                                                                                                                                      |
| file:cc27344a | -o build\tasking\debug\Hello.elf -dE:\workspace\scons\Hello\Linker\Hello.lsl -D__CPU__=tc36x -D__PROC_TC36X__ --core=mpe:vtc --map-file=Hello.map -Oc -OL -Ot    |
|               | -Ox -Oy -mc -mf -mi -mk -ml -mm -md -mr -mu -oE:\workspace\scons\Hello\build\tasking\debug\Hello.hex:IHEX --map-file --munch --error-limit=42                    |
|               | build\tasking\debug\App\cstart.obj build\tasking\debug\App\cstart_tc1.obj build\tasking\debug\App\Hello.obj build\tasking\debug\App\sync_on_halt.obj -lrt        |
|               | -lcxxsx_fpu -lcpsx_fpu -lcsw_fpu -lfp_fpu -lrt -LD:\Program" "Files\TASKING\TriCore" "v6.3r1\ctc\lib/tc162                                                       |
| task          | task1                                                                                                                                                            |
+----------------------------------------------------------------------------------------------------------------------------------------------------------------------------------+


*********************************************************************************  Used Resources  *********************************************************************************

* Memory usage in bytes
========================
+------------------------------------------------------------------------+
| Memory          | Code     | Data     | Reserved | Free     | Total    |
|========================================================================|
| mpe:brom        |      0x0 |      0x0 | 0x010000 |      0x0 | 0x010000 |
| mpe:dflash0     |      0x0 |      0x0 | 0x040000 |      0x0 | 0x040000 |
| mpe:dflash0_cfs |      0x0 |      0x0 | 0x010000 |      0x0 | 0x010000 |
| mpe:dflash0_ucb |      0x0 |      0x0 | 0x006000 |      0x0 | 0x006000 |
| mpe:dflash1     |      0x0 |      0x0 | 0x020000 |      0x0 | 0x020000 |
| mpe:dlmucpu0    |      0x0 | 0x00017c |      0x0 | 0x00fe84 | 0x010000 |
| mpe:dlmucpu1    |      0x0 |      0x0 |      0x0 | 0x010000 | 0x010000 |
| mpe:dspr0       |      0x0 | 0x000080 | 0x005400 | 0x02ab80 | 0x030000 |
| mpe:dspr1       |      0x0 | 0x000080 | 0x001000 | 0x02ef80 | 0x030000 |
| mpe:mcs00       |      0x0 |      0x0 |      0x0 | 0x006000 | 0x006000 |
| mpe:mcs01       |      0x0 |      0x0 |      0x0 | 0x006000 | 0x006000 |
| mpe:mcs02       |      0x0 |      0x0 |      0x0 | 0x006000 | 0x006000 |
| mpe:pflash0     | 0x0009bc | 0x00213d |      0x0 | 0x2fd507 | 0x300000 |
| mpe:pflash1     |      0x0 |      0x0 |      0x0 | 0x300000 | 0x300000 |
| mpe:pspr0       |      0x0 |      0x0 |      0x0 | 0x008000 | 0x008000 |
| mpe:pspr1       |      0x0 |      0x0 |      0x0 | 0x008000 | 0x008000 |
| mpe:scr_xram    |      0x0 |      0x0 |      0x0 | 0x002000 | 0x002000 |
|------------------------------------------------------------------------|
| Total           | 0x0009bc | 0x0023b9 | 0x08c400 | 0x69ae8b | 0x72a000 |
+------------------------------------------------------------------------+

* Space usage in bytes
=======================
+-----------------------------------------------------------------------------------------------------------------------------------------------------------------------+
| Space                               | Native used Rom | Native used Ram | Native used NVRam | Foreign used |  Reserved | Free Rom |  Free Ram | Free NVRam | Total    |
|=======================================================================================================================================================================|
| mpe:tc0:abs18                       |             0x0 |             0x0 |               0x0 |     0x002c55 |  0x000480 | 0x0015a7 |  0x00f984 |        0x0 | 0x014000 |
| mpe:tc0:abs24                       |             0x0 |             0x0 |               0x0 |     0x002cf5 |  0x018480 | 0x1fd507 |  0x089984 |        0x0 | 0x2a2000 |
| mpe:tc0:csa                         |             0x0 |             0x0 |               0x0 |     0x000080 |  0x005400 |      0x0 |  0x02ab80 |        0x0 | 0x030000 |
| mpe:tc0:linear                      |             0x0 |             0x0 |               0x0 |     0x002cf5 |  0x0a0480 | 0x5fd507 |  0x089984 |        0x0 | 0x72a000 |
| mpe:tc1:abs18                       |             0x0 |             0x0 |               0x0 |     0x002c55 |  0x000480 | 0x0015a7 |  0x00f984 |        0x0 | 0x014000 |
| mpe:tc1:abs24                       |             0x0 |             0x0 |               0x0 |     0x002cf5 |  0x018480 | 0x1fd507 |  0x089984 |        0x0 | 0x2a2000 |
| mpe:tc1:csa                         |             0x0 |             0x0 |               0x0 |          0x0 |  0x001080 |      0x0 |  0x02ef80 |        0x0 | 0x030000 |
| mpe:tc1:linear                      |             0x0 |             0x0 |               0x0 |     0x002cf5 |  0x0a0480 | 0x5fd507 |  0x089984 |        0x0 | 0x72a000 |
| mpe:vtc:abs18                       |             0x0 |             0x0 |               0x0 |     0x002c55 |  0x000480 | 0x0015a7 |  0x00b984 |        0x0 | 0x010000 |
| mpe:vtc:abs24                       |             0x0 |             0x0 |               0x0 |     0x002cf5 |  0x018480 | 0x1fd507 |  0x089984 |        0x0 | 0x2a2000 |
| mpe:vtc:csa                         |             0x0 |             0x0 |               0x0 |          0x0 |       0x0 |      0x0 |       0x0 |        0x0 |      0x0 |
| mpe:vtc:linear                      |        0x002af9 |        0x00017c |               0x0 |     0x000080 |  0x0a0480 | 0x5fd507 |  0x089984 |        0x0 | 0x72a000 |
| mpe:vtc:mpe_tc0_abs18|mpe_tc1_abs18 |             0x0 |        0x000080 |               0x0 |          0x0 |  0x000880 |      0x0 |  0x00f700 |        0x0 | 0x010000 |
|-----------------------------------------------------------------------------------------------------------------------------------------------------------------------|
| Total                               |        0x002af9 |        0x0001fc |               0x0 |            - |         - |        - |         - |          - |        - |
| Largest gap                         |               - |               - |                 - |            - |         - | 0x300000 |  0x02b000 |        0x0 |        - |
+-----------------------------------------------------------------------------------------------------------------------------------------------------------------------+

Note:
Multiple address spaces may be mapped at the same (physical) memory address
ranges. Physical memory allocated (i.e. used) for sections in the given space
are called "Native used Rom" and "Native used Ram" whereas memory allocated by
other spaces is called "Foreign used" memory.

* Estimated stack usage
========================
+----------------------------------------------------+
| Stack Name | Used       | Recursive | Entry points |
|====================================================|
| ustack_tc0 | 0x00000018 | no        | _START       |
|----------------------------------------------------|
| istack_tc0 | 0x0        | no        |              |
+----------------------------------------------------+


********************************************************************************  Processed Files  *********************************************************************************
+-----------------------------------------------------------------+
| File             | From archive | Symbol causing the extraction |
|=================================================================|
| Hello.obj        |              |                               |
| _Exit.o          | libcsw_fpu.a | _Exit                         |
| _doprint_noarg.o | libcsw_fpu.a | __printf_noarg2               |
| _filbuf.o        | libcsw_fpu.a | _filbuf                       |
| _flsbuf.o        | libcsw_fpu.a | _flsbuf                       |
| _io_putc.o       | libcsw_fpu.a | _io_putc                      |
| _iob.o           | libcsw_fpu.a | _iob                          |
| _wfilbuf.o       | libcsw_fpu.a | _wfilbuf                      |
| _wflsbuf.o       | libcsw_fpu.a | _wflsbuf                      |
| cinit.o          | libcsw_fpu.a | _c_init                       |
| cinit_tc1.o      | libcsw_fpu.a | _c_init_tc1                   |
| cstart.obj       |              |                               |
| cstart_tc1.obj   |              |                               |
| dbg.o            | libcsw_fpu.a | _read                         |
| dbg__exit.o      | libcsw_fpu.a | _exit                         |
| dbg_trap.o       | libcsw_fpu.a | _dbg_trap_tc                  |
| errno.o          | libcsw_fpu.a | _Errno                        |
| exit.o           | libcsw_fpu.a | exit                          |
| fclose.o         | libcsw_fpu.a | fclose                        |
| fflush.o         | libcsw_fpu.a | _fflush                       |
| fgetc.o          | libcsw_fpu.a | fgetc                         |
| fgetwc.o         | libcsw_fpu.a | fgetwc                        |
| fputc.o          | libcsw_fpu.a | fputc                         |
| fputwc.o         | libcsw_fpu.a | fputwc                        |
| printf.o         | libcsw_fpu.a | printf                        |
| printf_noarg.o   | libcsw_fpu.a | __printf_noarg                |
| sync_on_halt.obj |              |                               |
| trapass.o        | libcsw_fpu.a | _trapassertion                |
| trapbus.o        | libcsw_fpu.a | _trapbus                      |
| trapcont.o       | libcsw_fpu.a | _trapcontext                  |
| trapinst.o       | libcsw_fpu.a | _trapinstruction              |
| trapmmu.o        | libcsw_fpu.a | _trapmmu                      |
| trapnmi.o        | libcsw_fpu.a | _trapnmi                      |
| trapprot.o       | libcsw_fpu.a | _trapprotection               |
| trapsys.o        | libcsw_fpu.a | _trapsystem                   |
| ungetc.o         | libcsw_fpu.a | ungetc                        |
| ungetwc.o        | libcsw_fpu.a | ungetwc                       |
| weakstub.o       | libcsw_fpu.a | _weakstub                     |
+-----------------------------------------------------------------+


**********************************************************************************  Link Result  ***********************************************************************************
+----------------------------------------------------------------------------------------------------------------------------------------------------------------------------+
| [in] File        | [in] Section                                     | [in] Size (MAU) | [out] Offset | [out] Section                                    | [out] Size (MAU) |
|============================================================================================================================================================================|
| dbg.o            | .bss._dbg_request.libcsw_fpu (436)               | 0x00000014      | 0x0          | .bss._dbg_request.libcsw_fpu (436)               | 0x00000014       |
|----------------------------------------------------------------------------------------------------------------------------------------------------------------------------|
| _iob.o           | .bss.stdin_buf.libcsw_fpu (281)                  | 0x00000050      | 0x0          | .bss.stdin_buf.libcsw_fpu (281)                  | 0x00000050       |
|----------------------------------------------------------------------------------------------------------------------------------------------------------------------------|
| _iob.o           | .bss.stdout_buf.libcsw_fpu (282)                 | 0x00000050      | 0x0          | .bss.stdout_buf.libcsw_fpu (282)                 | 0x00000050       |
|----------------------------------------------------------------------------------------------------------------------------------------------------------------------------|
| _iob.o           | .data._iob.libcsw_fpu (283)                      | 0x000000c8      | 0x0          | .data._iob.libcsw_fpu (283)                      | 0x000000c8       |
|----------------------------------------------------------------------------------------------------------------------------------------------------------------------------|
| Hello.obj        | .rodata.Hello..1.str (98)                        | 0x0000000d      | 0x0          | .rodata.Hello..1.str (98)                        | 0x0000000d       |
|----------------------------------------------------------------------------------------------------------------------------------------------------------------------------|
| cstart.obj       | .rodata.cstart._999001_csa_area_begin (8)        | 0x00000004      | 0x0          | .rodata.cstart._999001_csa_area_begin (8)        | 0x00000004       |
|----------------------------------------------------------------------------------------------------------------------------------------------------------------------------|
| cstart.obj       | .rodata.cstart._999002_csa_area_end (9)          | 0x00000004      | 0x0          | .rodata.cstart._999002_csa_area_end (9)          | 0x00000004       |
|----------------------------------------------------------------------------------------------------------------------------------------------------------------------------|
| dbg.o            | .text..cocofun_1.libcsw_fpu (430)                | 0x0000000a      | 0x0          | .text..cocofun_1.libcsw_fpu (430)                | 0x0000000a       |
|----------------------------------------------------------------------------------------------------------------------------------------------------------------------------|
| Hello.obj        | .text.Hello.main (97)                            | 0x00000012      | 0x0          | .text.Hello.main (97)                            | 0x00000012       |
|----------------------------------------------------------------------------------------------------------------------------------------------------------------------------|
| _Exit.o          | .text._Exit.libc (506)                           | 0x00000004      | 0x0          | .text._Exit.libc (506)                           | 0x00000004       |
|----------------------------------------------------------------------------------------------------------------------------------------------------------------------------|
| cinit.o          | .text._c_init.libcsw_fpu (136)                   | 0x0000000c      | 0x0          | .text._c_init.libcsw_fpu (136)                   | 0x0000000c       |
|----------------------------------------------------------------------------------------------------------------------------------------------------------------------------|
| cinit.o          | .text._c_init_entry.libcsw_fpu (135)             | 0x00000120      | 0x0          | .text._c_init_entry.libcsw_fpu (135)             | 0x00000120       |
|----------------------------------------------------------------------------------------------------------------------------------------------------------------------------|
| dbg_trap.o       | .text._dbg_cacheawi.libcsw_fpu (518)             | 0x0000001c      | 0x0          | .text._dbg_cacheawi.libcsw_fpu (518)             | 0x0000001c       |
|----------------------------------------------------------------------------------------------------------------------------------------------------------------------------|
| dbg_trap.o       | .text._dbg_trap.libcsw_fpu (516)                 | 0x00000002      | 0x0          | .text._dbg_trap.libcsw_fpu (516)                 | 0x00000002       |
|----------------------------------------------------------------------------------------------------------------------------------------------------------------------------|
| dbg_trap.o       | .text._dbg_trap_tc.libcsw_fpu (517)              | 0x0000007a      | 0x0          | .text._dbg_trap_tc.libcsw_fpu (517)              | 0x0000007a       |
|----------------------------------------------------------------------------------------------------------------------------------------------------------------------------|
| _iob.o           | .text._doclose.libcsw_fpu (280)                  | 0x0000001e      | 0x0          | .text._doclose.libcsw_fpu (280)                  | 0x0000001e       |
|----------------------------------------------------------------------------------------------------------------------------------------------------------------------------|
| _flsbuf.o        | .text._dofls.libcsw_fpu (340)                    | 0x000000a4      | 0x0          | .text._dofls.libcsw_fpu (340)                    | 0x000000a4       |
|----------------------------------------------------------------------------------------------------------------------------------------------------------------------------|
| _doprint_noarg.o | .text._doprint.libcsw_fpu (262)                  | 0x0000002c      | 0x0          | .text._doprint.libcsw_fpu (262)                  | 0x0000002c       |
|----------------------------------------------------------------------------------------------------------------------------------------------------------------------------|
| dbg__exit.o      | .text._exit.libcsw_fpu (488)                     | 0x00000012      | 0x0          | .text._exit.libcsw_fpu (488)                     | 0x00000012       |
|----------------------------------------------------------------------------------------------------------------------------------------------------------------------------|
| fflush.o         | .text._fflush.libcsw_fpu (362)                   | 0x0000006a      | 0x0          | .text._fflush.libcsw_fpu (362)                   | 0x0000006a       |
|----------------------------------------------------------------------------------------------------------------------------------------------------------------------------|
| _flsbuf.o        | .text._flsbuf.libcsw_fpu (339)                   | 0x0000000c      | 0x0          | .text._flsbuf.libcsw_fpu (339)                   | 0x0000000c       |
|----------------------------------------------------------------------------------------------------------------------------------------------------------------------------|
| dbg.o            | .text._host_close.libcsw_fpu (434)               | 0x00000014      | 0x0          | .text._host_close.libcsw_fpu (434)               | 0x00000014       |
|----------------------------------------------------------------------------------------------------------------------------------------------------------------------------|
| dbg.o            | .text._host_lseek.libcsw_fpu (433)               | 0x00000016      | 0x0          | .text._host_lseek.libcsw_fpu (433)               | 0x00000016       |
|----------------------------------------------------------------------------------------------------------------------------------------------------------------------------|
| dbg.o            | .text._host_write.libcsw_fpu (432)               | 0x00000016      | 0x0          | .text._host_write.libcsw_fpu (432)               | 0x00000016       |
|----------------------------------------------------------------------------------------------------------------------------------------------------------------------------|
| _io_putc.o       | .text._io_putc.libcsw_fpu (376)                  | 0x0000001e      | 0x0          | .text._io_putc.libcsw_fpu (376)                  | 0x0000001e       |
|----------------------------------------------------------------------------------------------------------------------------------------------------------------------------|
| cinit.o          | .text._ldmst_clear_byte.libcsw_fpu (133)         | 0x0000002e      | 0x0          | .text._ldmst_clear_byte.libcsw_fpu (133)         | 0x0000002e       |
|----------------------------------------------------------------------------------------------------------------------------------------------------------------------------|
| cinit.o          | .text._ldmst_copy_byte.libcsw_fpu (134)          | 0x00000044      | 0x0          | .text._ldmst_copy_byte.libcsw_fpu (134)          | 0x00000044       |
|----------------------------------------------------------------------------------------------------------------------------------------------------------------------------|
| trapass.o        | .text._trapassertion.libcsw_fpu (160)            | 0x00000014      | 0x0          | .text._trapassertion.libcsw_fpu (160)            | 0x00000014       |
|----------------------------------------------------------------------------------------------------------------------------------------------------------------------------|
| trapbus.o        | .text._trapbus.libcsw_fpu (208)                  | 0x00000014      | 0x0          | .text._trapbus.libcsw_fpu (208)                  | 0x00000014       |
|----------------------------------------------------------------------------------------------------------------------------------------------------------------------------|
| trapcont.o       | .text._trapcontext.libcsw_fpu (172)              | 0x00000014      | 0x0          | .text._trapcontext.libcsw_fpu (172)              | 0x00000014       |
|----------------------------------------------------------------------------------------------------------------------------------------------------------------------------|
| trapinst.o       | .text._trapinstruction.libcsw_fpu (220)          | 0x00000014      | 0x0          | .text._trapinstruction.libcsw_fpu (220)          | 0x00000014       |
|----------------------------------------------------------------------------------------------------------------------------------------------------------------------------|
| trapmmu.o        | .text._trapmmu.libcsw_fpu (184)                  | 0x00000012      | 0x0          | .text._trapmmu.libcsw_fpu (184)                  | 0x00000012       |
|----------------------------------------------------------------------------------------------------------------------------------------------------------------------------|
| trapnmi.o        | .text._trapnmi.libcsw_fpu (232)                  | 0x00000014      | 0x0          | .text._trapnmi.libcsw_fpu (232)                  | 0x00000014       |
|----------------------------------------------------------------------------------------------------------------------------------------------------------------------------|
| trapprot.o       | .text._trapprotection.libcsw_fpu (196)           | 0x00000014      | 0x0          | .text._trapprotection.libcsw_fpu (196)           | 0x00000014       |
|----------------------------------------------------------------------------------------------------------------------------------------------------------------------------|
| trapsys.o        | .text._trapsystem.libcsw_fpu (244)               | 0x0000000c      | 0x0          | .text._trapsystem.libcsw_fpu (244)               | 0x0000000c       |
|----------------------------------------------------------------------------------------------------------------------------------------------------------------------------|
| weakstub.o       | .text._weakstub.libcsw_fpu (497)                 | 0x00000002      | 0x0          | .text._weakstub.libcsw_fpu (497)                 | 0x00000002       |
|----------------------------------------------------------------------------------------------------------------------------------------------------------------------------|
| cstart.obj       | .text.cstart.__init_sp (6)                       | 0x0000001a      | 0x0          | .text.cstart.__init_sp (6)                       | 0x0000001a       |
|----------------------------------------------------------------------------------------------------------------------------------------------------------------------------|
| cstart.obj       | .text.cstart._start (7)                          | 0x00000330      | 0x0          | .text.cstart._start (7)                          | 0x00000330       |
|----------------------------------------------------------------------------------------------------------------------------------------------------------------------------|
| exit.o           | .text.exit.libcsw_fpu (412)                      | 0x00000016      | 0x0          | .text.exit.libcsw_fpu (412)                      | 0x00000016       |
|----------------------------------------------------------------------------------------------------------------------------------------------------------------------------|
| fclose.o         | .text.fclose.libcsw_fpu (353)                    | 0x00000028      | 0x0          | .text.fclose.libcsw_fpu (353)                    | 0x00000028       |
|----------------------------------------------------------------------------------------------------------------------------------------------------------------------------|
| fputc.o          | .text.fputc.libcsw_fpu (307)                     | 0x00000020      | 0x0          | .text.fputc.libcsw_fpu (307)                     | 0x00000020       |
|----------------------------------------------------------------------------------------------------------------------------------------------------------------------------|
| cstart.obj       | .text.libc.reset (5)                             | 0x00000004      | 0x0          | .text.libc.reset (5)                             | 0x00000004       |
|----------------------------------------------------------------------------------------------------------------------------------------------------------------------------|
| printf.o         | .text.printf.libcsw_fpu (271)                    | 0x00000026      | 0x0          | .text.printf.libcsw_fpu (271)                    | 0x00000026       |
|----------------------------------------------------------------------------------------------------------------------------------------------------------------------------|
| sync_on_halt.obj | .text.sync_on_halt._sync_on_halt (110)           | 0x00000082      | 0x0          | .text.sync_on_halt._sync_on_halt (110)           | 0x00000082       |
|----------------------------------------------------------------------------------------------------------------------------------------------------------------------------|
| sync_on_halt.obj | .text.sync_on_halt._sync_on_halt_end (109)       | 0x00000006      | 0x0          | .text.sync_on_halt._sync_on_halt_end (109)       | 0x00000006       |
|----------------------------------------------------------------------------------------------------------------------------------------------------------------------------|
| trapmmu.o        | .text.traptab0.trapvec.000 (181)                 | 0x0000000a      | 0x0          | .text.traptab0.trapvec.000 (181)                 | 0x0000000a       |
|----------------------------------------------------------------------------------------------------------------------------------------------------------------------------|
| trapprot.o       | .text.traptab0.trapvec.001 (193)                 | 0x0000000a      | 0x0          | .text.traptab0.trapvec.001 (193)                 | 0x0000000a       |
|----------------------------------------------------------------------------------------------------------------------------------------------------------------------------|
| trapinst.o       | .text.traptab0.trapvec.002 (217)                 | 0x0000000a      | 0x0          | .text.traptab0.trapvec.002 (217)                 | 0x0000000a       |
|----------------------------------------------------------------------------------------------------------------------------------------------------------------------------|
| trapcont.o       | .text.traptab0.trapvec.003 (169)                 | 0x0000000a      | 0x0          | .text.traptab0.trapvec.003 (169)                 | 0x0000000a       |
|----------------------------------------------------------------------------------------------------------------------------------------------------------------------------|
| trapbus.o        | .text.traptab0.trapvec.004 (205)                 | 0x0000000a      | 0x0          | .text.traptab0.trapvec.004 (205)                 | 0x0000000a       |
|----------------------------------------------------------------------------------------------------------------------------------------------------------------------------|
| trapass.o        | .text.traptab0.trapvec.005 (157)                 | 0x0000000a      | 0x0          | .text.traptab0.trapvec.005 (157)                 | 0x0000000a       |
|----------------------------------------------------------------------------------------------------------------------------------------------------------------------------|
| trapsys.o        | .text.traptab0.trapvec.006 (241)                 | 0x0000000a      | 0x0          | .text.traptab0.trapvec.006 (241)                 | 0x0000000a       |
|----------------------------------------------------------------------------------------------------------------------------------------------------------------------------|
| trapnmi.o        | .text.traptab0.trapvec.007 (229)                 | 0x0000000a      | 0x0          | .text.traptab0.trapvec.007 (229)                 | 0x0000000a       |
|----------------------------------------------------------------------------------------------------------------------------------------------------------------------------|
| trapmmu.o        | .text.traptab1.trapvec.000 (182)                 | 0x0000000a      | 0x0          | .text.traptab1.trapvec.000 (182)                 | 0x0000000a       |
|----------------------------------------------------------------------------------------------------------------------------------------------------------------------------|
| trapprot.o       | .text.traptab1.trapvec.001 (194)                 | 0x0000000a      | 0x0          | .text.traptab1.trapvec.001 (194)                 | 0x0000000a       |
|----------------------------------------------------------------------------------------------------------------------------------------------------------------------------|
| trapinst.o       | .text.traptab1.trapvec.002 (218)                 | 0x0000000a      | 0x0          | .text.traptab1.trapvec.002 (218)                 | 0x0000000a       |
|----------------------------------------------------------------------------------------------------------------------------------------------------------------------------|
| trapcont.o       | .text.traptab1.trapvec.003 (170)                 | 0x0000000a      | 0x0          | .text.traptab1.trapvec.003 (170)                 | 0x0000000a       |
|----------------------------------------------------------------------------------------------------------------------------------------------------------------------------|
| trapbus.o        | .text.traptab1.trapvec.004 (206)                 | 0x0000000a      | 0x0          | .text.traptab1.trapvec.004 (206)                 | 0x0000000a       |
|----------------------------------------------------------------------------------------------------------------------------------------------------------------------------|
| trapass.o        | .text.traptab1.trapvec.005 (158)                 | 0x0000000a      | 0x0          | .text.traptab1.trapvec.005 (158)                 | 0x0000000a       |
|----------------------------------------------------------------------------------------------------------------------------------------------------------------------------|
| trapsys.o        | .text.traptab1.trapvec.006 (242)                 | 0x0000000a      | 0x0          | .text.traptab1.trapvec.006 (242)                 | 0x0000000a       |
|----------------------------------------------------------------------------------------------------------------------------------------------------------------------------|
| trapnmi.o        | .text.traptab1.trapvec.007 (230)                 | 0x0000000a      | 0x0          | .text.traptab1.trapvec.007 (230)                 | 0x0000000a       |
|----------------------------------------------------------------------------------------------------------------------------------------------------------------------------|
| sync_on_halt.obj | .zbss.clone.sync_on_halt._sync_on_halt_lcx (111) | 0x00000040      | 0x0          | .zbss.clone.sync_on_halt._sync_on_halt_lcx (111) | 0x00000040       |
|----------------------------------------------------------------------------------------------------------------------------------------------------------------------------|
| sync_on_halt.obj | .zbss.clone.sync_on_halt._sync_on_halt_ucx (112) | 0x00000040      | 0x0          | .zbss.clone.sync_on_halt._sync_on_halt_ucx (112) | 0x00000040       |
+----------------------------------------------------------------------------------------------------------------------------------------------------------------------------+


********************************************************************************  Cross References  ********************************************************************************
+----------------------------------------------------------------------------------------------------------------------------------------------------------------------------------+
| Definition file  | Definition section                      | Symbol           | Referenced in                                                                                    |
|==================================================================================================================================================================================|
| Hello.obj        | .text.Hello.main (97)                   | main             | cstart.obj, cstart_tc1.obj                                                                       |
| _Exit.o          | .text._Exit.libc (506)                  | _Exit            | cstart.obj, cstart_tc1.obj, trapass.o, trapcont.o, trapmmu.o, trapprot.o, trapbus.o,             |
|                  |                                         |                  | trapinst.o, trapnmi.o, trapsys.o, exit.o                                                         |
| _doprint_noarg.o | .text._doprint.libcsw_fpu (262)         | __printf_noarg2  | printf_noarg.o                                                                                   |
| _doprint_noarg.o | .text._doprint.libcsw_fpu (262)         | _doprint         | printf.o                                                                                         |
| _flsbuf.o        | .text._dofls.libcsw_fpu (340)           | _dofls           | _wflsbuf.o                                                                                       |
| _flsbuf.o        | .text._flsbuf.libcsw_fpu (339)          | _flsbuf          | fputc.o                                                                                          |
| _io_putc.o       | .text._io_putc.libcsw_fpu (376)         | _io_putc         | _doprint_noarg.o                                                                                 |
| _iob.o           | .data._iob.libcsw_fpu (283)             | _iob             | printf.o, _filbuf.o, fflush.o                                                                    |
| _iob.o           | .text._doclose.libcsw_fpu (280)         | _doclose         | exit.o                                                                                           |
| cinit.o          | .text._c_init.libcsw_fpu (136)          | _c_init          | cstart.obj                                                                                       |
| cinit.o          | .text._c_init_entry.libcsw_fpu (135)    | _c_init_entry    | cinit_tc1.o                                                                                      |
| cstart.obj       |                                         | _A8_DATA_        | cstart.obj                                                                                       |
| cstart.obj       |                                         | _A9_DATA_        | cstart.obj                                                                                       |
| cstart.obj       |                                         | _LITERAL_DATA_   | cstart.obj                                                                                       |
| cstart.obj       |                                         | _SMALL_DATA_     | cstart.obj                                                                                       |
| cstart.obj       | .text.libc.reset (5)                    | _START           |                                                                                                  |
| dbg.o            | .bss._dbg_request.libcsw_fpu (436)      | _dbg_request     | dbg__exit.o, dbg_trap.o                                                                          |
| dbg.o            | .bss._dbg_request.libcsw_fpu (436)      | errno            | fputwc.o                                                                                         |
| dbg.o            | .text._host_close.libcsw_fpu (434)      | _close           | fclose.o                                                                                         |
| dbg.o            | .text._host_lseek.libcsw_fpu (433)      | _lseek           | fflush.o                                                                                         |
| dbg.o            | .text._host_write.libcsw_fpu (432)      | _write           | _flsbuf.o, fflush.o                                                                              |
| dbg__exit.o      | .text._exit.libcsw_fpu (488)            | _exit            | exit.o                                                                                           |
| dbg_trap.o       | .text._dbg_trap_tc.libcsw_fpu (517)     | _dbg_trap_tc     | dbg.o, dbg__exit.o                                                                               |
| exit.o           | .text.exit.libcsw_fpu (412)             | exit             | cstart.obj, cstart_tc1.obj, trapass.o, trapcont.o, trapmmu.o, trapprot.o, trapbus.o,             |
|                  |                                         |                  | trapinst.o, trapnmi.o, trapsys.o, _iob.o                                                         |
| fclose.o         | .text.fclose.libcsw_fpu (353)           | fclose           | _iob.o                                                                                           |
| fflush.o         | .text._fflush.libcsw_fpu (362)          | _fflush          | ungetc.o, _filbuf.o, _flsbuf.o, fclose.o, ungetwc.o                                              |
| fputc.o          | .text.fputc.libcsw_fpu (307)            | fputc            | _iob.o, _io_putc.o                                                                               |
| printf.o         | .text.printf.libcsw_fpu (271)           | printf           | Hello.obj                                                                                        |
| trapass.o        | .text._trapassertion.libcsw_fpu (160)   | _trapassertion   | cstart.obj, cstart_tc1.obj                                                                       |
| trapbus.o        | .text._trapbus.libcsw_fpu (208)         | _trapbus         | cstart.obj, cstart_tc1.obj                                                                       |
| trapcont.o       | .text._trapcontext.libcsw_fpu (172)     | _trapcontext     | cstart.obj, cstart_tc1.obj                                                                       |
| trapinst.o       | .text._trapinstruction.libcsw_fpu (220) | _trapinstruction | cstart.obj, cstart_tc1.obj                                                                       |
| trapmmu.o        | .text._trapmmu.libcsw_fpu (184)         | _trapmmu         | cstart.obj, cstart_tc1.obj                                                                       |
| trapnmi.o        | .text._trapnmi.libcsw_fpu (232)         | _trapnmi         | cstart.obj, cstart_tc1.obj                                                                       |
| trapprot.o       | .text._trapprotection.libcsw_fpu (196)  | _trapprotection  | cstart.obj, cstart_tc1.obj                                                                       |
| trapsys.o        | .text._trapsystem.libcsw_fpu (244)      | _trapsystem      | cstart.obj, cstart_tc1.obj                                                                       |
| weakstub.o       | .text._weakstub.libcsw_fpu (497)        | _doexit          | exit.o                                                                                           |
| weakstub.o       | .text._weakstub.libcsw_fpu (497)        | _dofree          | fclose.o                                                                                         |
| weakstub.o       | .text._weakstub.libcsw_fpu (497)        | _weakstub        | fclose.o, exit.o                                                                                 |
+----------------------------------------------------------------------------------------------------------------------------------------------------------------------------------+


***********************************************************************************  Call Graph  ***********************************************************************************
_START [0,24]
|
+-- cc4780a.src:__init_sp [0,24]
    |
    +-- cc4780a.src:_start [0,24]
        |
        +-- main [0,24]
        |   |
        |   +-- printf [16,24]
        |       |
        |       +-- _doprint [0,8]
        |           |
        |           +-- _io_putc [0,8]
        |               |
        |               +-- fputc [0,8]
        |                   |
        |                   +-- _flsbuf [0,8]
        |                       |
        |                       +-- _dofls [8,8]
        |                           |
        |                           +-- _fflush *
        |                           |
        |                           +-- _write *
        |
        +-- _c_init [0,0]
        |   |
        |   +-- _c_init_entry [0,0]
        |       |
        |       +-- cinit.src:_ldmst_copy_byte [0,0]
        |       |
        |       +-- cinit.src:_ldmst_clear_byte [0,0]
        |
        +-- exit *

* exit [0,0]
|
+-- _doclose [0,0]
|   |
|   +-- fclose [0,0]
|       |
|       +-- _fflush *
|       |
|       +-- _close [0,0]
|       |
|       +-- _dofree [0,0]
|
+-- _exit [0,0]
|   |
|   +-- _dbg_trap_tc *
|
+-- _doexit [0,0]
|
+-- _Exit [0,0]

* _dbg_trap_tc [0,0]
|
+-- dbg_trap.src:_dbg_cacheawi [0,0]
|
+-- _dbg_trap [0,0]

* _write [0,0]

* _fflush [0,0]
|
+-- _write *
|
+-- _lseek [0,0]

_weakstub [0,0]

_host_close [0,0]
|
+-- dbg.src:.cocofun_1 *
|
+-- _dbg_trap_tc *

* dbg.src:.cocofun_1 [0,0]

_host_lseek [0,0]
|
+-- dbg.src:.cocofun_1 *
|
+-- _dbg_trap_tc *

_host_write [0,0]
|
+-- dbg.src:.cocofun_1 *
|
+-- _dbg_trap_tc *

_trapsystem [0,0]
|
+-- exit *

_trapnmi [0,0]
|
+-- exit *

_trapinstruction [0,0]
|
+-- exit *

_trapbus [0,0]
|
+-- exit *

_trapprotection [0,0]
|
+-- exit *

_trapmmu [0,0]
|
+-- exit *

_trapcontext [0,0]
|
+-- exit *

_trapassertion [0,0]
|
+-- exit *

_sync_on_halt [0,0]

_sync_on_halt_end [0,0]


Note:

+------------------------------------------------------------------------------------------------------------------------------------------------------------------------+
| *         | The function has a separate tree since it has 2 or more callers.                                                                                           |
| R         | This function is part of a recursive call chain. If both a leaf and the root of a tree are marked this way, all nodes in between are in a recursive chain. |
| [<s>,<a>] | The stack usage by the function itself (<s>) and the stack usage by the function and all its callees (<a>).                                                |
+------------------------------------------------------------------------------------------------------------------------------------------------------------------------+


************************************************************************************  Overlay  *************************************************************************************


*********************************************************************************  Locate Result  **********************************************************************************

* Task entry addresses
=======================

+ core "mpe:vtc"
+-------------------------------+
| symbol           | _START     |
| absolute address | 0xa0000020 |
+-------------------------------+

+ core "mpe:tc0"

+ core "mpe:tc1"

* Sections
===========

+ Space mpe:vtc:linear (MAU = 8bit)

+------------------------------------------------------------------------------------------------------------------------------------------------------+
| Chip                | Group        | Section                                          | Size (MAU) | Space addr | Chip addr             | Alignment  |
|======================================================================================================================================================|
| mpe:pflash0         |              | .text._Exit.libc (506)                           | 0x00000004 | 0x80000000 | 0x0                   | 0x00000008 |
| mpe:pflash0         |              | .rodata.cstart._999001_csa_area_begin (8)        | 0x00000004 | 0x80000004 | 0x00000004            | 0x00000004 |
| mpe:pflash0         |              | .rodata.cstart._999002_csa_area_end (9)          | 0x00000004 | 0x80000008 | 0x00000008            | 0x00000004 |
| mpe:pflash0         |              | .text..cocofun_1.libcsw_fpu (430)                | 0x0000000a | 0x8000000c | 0x0000000c            | 0x00000002 |
| mpe:pflash0         |              | .text._dbg_trap.libcsw_fpu (516)                 | 0x00000002 | 0x80000016 | 0x00000016            | 0x00000002 |
| mpe:pflash0         |              | .text._weakstub.libcsw_fpu (497)                 | 0x00000002 | 0x80000018 | 0x00000018            | 0x00000002 |
| mpe:pflash0         |              | .text.sync_on_halt._sync_on_halt_end (109)       | 0x00000006 | 0x8000001a | 0x0000001a            | 0x00000002 |
| mpe:pflash0         |              | [.data._iob.libcsw_fpu] (563)                    | 0x000000c8 | 0x80000024 | 0x00000024            | 0x00000004 |
| mpe:pflash0         |              | .rodata.xc800init (564)                          | 0x00002000 | 0x800000ec | 0x000000ec            | 0x00000004 |
| mpe:pflash0         |              | table (562)                                      | 0x00000060 | 0x800020ec | 0x000020ec            | 0x00000004 |
| mpe:pflash0         |              | .text.Hello.main (97)                            | 0x00000012 | 0x8000214c | 0x0000214c            | 0x00000002 |
| mpe:pflash0         |              | .text._c_init.libcsw_fpu (136)                   | 0x0000000c | 0x8000215e | 0x0000215e            | 0x00000002 |
| mpe:pflash0         |              | .text._c_init_entry.libcsw_fpu (135)             | 0x00000120 | 0x8000216a | 0x0000216a            | 0x00000002 |
| mpe:pflash0         |              | .text._dbg_cacheawi.libcsw_fpu (518)             | 0x0000001c | 0x8000228a | 0x0000228a            | 0x00000002 |
| mpe:pflash0         |              | .text._dbg_trap_tc.libcsw_fpu (517)              | 0x0000007a | 0x800022a6 | 0x000022a6            | 0x00000002 |
| mpe:pflash0         |              | .text._doclose.libcsw_fpu (280)                  | 0x0000001e | 0x80002320 | 0x00002320            | 0x00000002 |
| mpe:pflash0         |              | .text._dofls.libcsw_fpu (340)                    | 0x000000a4 | 0x8000233e | 0x0000233e            | 0x00000002 |
| mpe:pflash0         |              | .text._doprint.libcsw_fpu (262)                  | 0x0000002c | 0x800023e2 | 0x000023e2            | 0x00000002 |
| mpe:pflash0         |              | .text._exit.libcsw_fpu (488)                     | 0x00000012 | 0x8000240e | 0x0000240e            | 0x00000002 |
| mpe:pflash0         |              | .text._fflush.libcsw_fpu (362)                   | 0x0000006a | 0x80002420 | 0x00002420            | 0x00000002 |
| mpe:pflash0         |              | .text._flsbuf.libcsw_fpu (339)                   | 0x0000000c | 0x8000248a | 0x0000248a            | 0x00000002 |
| mpe:pflash0         |              | .text._host_close.libcsw_fpu (434)               | 0x00000014 | 0x80002496 | 0x00002496            | 0x00000002 |
| mpe:pflash0         |              | .text._host_lseek.libcsw_fpu (433)               | 0x00000016 | 0x800024aa | 0x000024aa            | 0x00000002 |
| mpe:pflash0         |              | .text._host_write.libcsw_fpu (432)               | 0x00000016 | 0x800024c0 | 0x000024c0            | 0x00000002 |
| mpe:pflash0         |              | .text._io_putc.libcsw_fpu (376)                  | 0x0000001e | 0x800024d6 | 0x000024d6            | 0x00000002 |
| mpe:pflash0         |              | .text._ldmst_clear_byte.libcsw_fpu (133)         | 0x0000002e | 0x800024f4 | 0x000024f4            | 0x00000002 |
| mpe:pflash0         |              | .text._ldmst_copy_byte.libcsw_fpu (134)          | 0x00000044 | 0x80002522 | 0x00002522            | 0x00000002 |
| mpe:pflash0         |              | .text._trapassertion.libcsw_fpu (160)            | 0x00000014 | 0x80002566 | 0x00002566            | 0x00000002 |
| mpe:pflash0         |              | .text._trapbus.libcsw_fpu (208)                  | 0x00000014 | 0x8000257a | 0x0000257a            | 0x00000002 |
| mpe:pflash0         |              | .text._trapcontext.libcsw_fpu (172)              | 0x00000014 | 0x8000258e | 0x0000258e            | 0x00000002 |
| mpe:pflash0         |              | .text._trapinstruction.libcsw_fpu (220)          | 0x00000014 | 0x800025a2 | 0x000025a2            | 0x00000002 |
| mpe:pflash0         |              | .text._trapmmu.libcsw_fpu (184)                  | 0x00000012 | 0x800025b6 | 0x000025b6            | 0x00000002 |
| mpe:pflash0         |              | .text._trapnmi.libcsw_fpu (232)                  | 0x00000014 | 0x800025c8 | 0x000025c8            | 0x00000002 |
| mpe:pflash0         |              | .text._trapprotection.libcsw_fpu (196)           | 0x00000014 | 0x800025dc | 0x000025dc            | 0x00000002 |
| mpe:pflash0         |              | .text._trapsystem.libcsw_fpu (244)               | 0x0000000c | 0x800025f0 | 0x000025f0            | 0x00000002 |
| mpe:pflash0         |              | .text.cstart.__init_sp (6)                       | 0x0000001a | 0x800025fc | 0x000025fc            | 0x00000002 |
| mpe:pflash0         |              | .text.cstart._start (7)                          | 0x00000330 | 0x80002616 | 0x00002616            | 0x00000002 |
| mpe:pflash0         |              | .text.exit.libcsw_fpu (412)                      | 0x00000016 | 0x80002946 | 0x00002946            | 0x00000002 |
| mpe:pflash0         |              | .text.fclose.libcsw_fpu (353)                    | 0x00000028 | 0x8000295c | 0x0000295c            | 0x00000002 |
| mpe:pflash0         |              | .text.fputc.libcsw_fpu (307)                     | 0x00000020 | 0x80002984 | 0x00002984            | 0x00000002 |
| mpe:pflash0         |              | .text.printf.libcsw_fpu (271)                    | 0x00000026 | 0x800029a4 | 0x000029a4            | 0x00000002 |
| mpe:pflash0         |              | .text.sync_on_halt._sync_on_halt (110)           | 0x00000082 | 0x800029ca | 0x000029ca            | 0x00000002 |
| mpe:pflash0         |              | .rodata.Hello..1.str (98)                        | 0x0000000d | 0x80002a4c | 0x00002a4c            | 0x00000001 |
| mpe:dlmucpu0        |              | .bss._dbg_request.libcsw_fpu (436)               | 0x00000014 | 0x90000000 | 0x0                   | 0x00000004 |
| mpe:dlmucpu0        |              | .bss.stdin_buf.libcsw_fpu (281)                  | 0x00000050 | 0x90000014 | 0x00000014            | 0x00000001 |
| mpe:dlmucpu0        |              | .bss.stdout_buf.libcsw_fpu (282)                 | 0x00000050 | 0x90000064 | 0x00000064            | 0x00000001 |
| mpe:dlmucpu0        |              | .data._iob.libcsw_fpu (283)                      | 0x000000c8 | 0x900000b4 | 0x000000b4            | 0x00000004 |
| mpe:pflash0         |              | .text.libc.reset (5)                             | 0x00000004 | 0xa0000020 | 0x00000020            | 0x00000002 |
| mpe:pflash0         | trap_tab_tc0 | .text.traptab0.trapvec.000 (181)                 | 0x0000000a | 0xa00f4000 | 0x000f4000            | 0x00000002 |
| mpe:pflash0         | trap_tab_tc0 | .text.traptab0.trapvec.001 (193)                 | 0x0000000a | 0xa00f4020 | 0x000f4020            | 0x00000002 |
| mpe:pflash0         | trap_tab_tc0 | .text.traptab0.trapvec.002 (217)                 | 0x0000000a | 0xa00f4040 | 0x000f4040            | 0x00000002 |
| mpe:pflash0         | trap_tab_tc0 | .text.traptab0.trapvec.003 (169)                 | 0x0000000a | 0xa00f4060 | 0x000f4060            | 0x00000002 |
| mpe:pflash0         | trap_tab_tc0 | .text.traptab0.trapvec.004 (205)                 | 0x0000000a | 0xa00f4080 | 0x000f4080            | 0x00000002 |
| mpe:pflash0         | trap_tab_tc0 | .text.traptab0.trapvec.005 (157)                 | 0x0000000a | 0xa00f40a0 | 0x000f40a0            | 0x00000002 |
| mpe:pflash0         | trap_tab_tc0 | .text.traptab0.trapvec.006 (241)                 | 0x0000000a | 0xa00f40c0 | 0x000f40c0            | 0x00000002 |
| mpe:pflash0         | trap_tab_tc0 | .text.traptab0.trapvec.007 (229)                 | 0x0000000a | 0xa00f40e0 | 0x000f40e0            | 0x00000002 |
| mpe:pflash0         | trap_tab_tc1 | .text.traptab1.trapvec.000 (182)                 | 0x0000000a | 0xa00f4100 | 0x000f4100            | 0x00000002 |
| mpe:pflash0         | trap_tab_tc1 | .text.traptab1.trapvec.001 (194)                 | 0x0000000a | 0xa00f4120 | 0x000f4120            | 0x00000002 |
| mpe:pflash0         | trap_tab_tc1 | .text.traptab1.trapvec.002 (218)                 | 0x0000000a | 0xa00f4140 | 0x000f4140            | 0x00000002 |
| mpe:pflash0         | trap_tab_tc1 | .text.traptab1.trapvec.003 (170)                 | 0x0000000a | 0xa00f4160 | 0x000f4160            | 0x00000002 |
| mpe:pflash0         | trap_tab_tc1 | .text.traptab1.trapvec.004 (206)                 | 0x0000000a | 0xa00f4180 | 0x000f4180            | 0x00000002 |
| mpe:pflash0         | trap_tab_tc1 | .text.traptab1.trapvec.005 (158)                 | 0x0000000a | 0xa00f41a0 | 0x000f41a0            | 0x00000002 |
| mpe:pflash0         | trap_tab_tc1 | .text.traptab1.trapvec.006 (242)                 | 0x0000000a | 0xa00f41c0 | 0x000f41c0            | 0x00000002 |
| mpe:pflash0         | trap_tab_tc1 | .text.traptab1.trapvec.007 (230)                 | 0x0000000a | 0xa00f41e0 | 0x000f41e0            | 0x00000002 |
| mpe:dflash0_ucb     | bmhd0        | bmhd0 (565)                                      | 0x00000200 | 0xaf400000 | 0x0                   | 0x00000001 |
| mpe:dflash0_ucb     | bmhd1        | bmhd1 (566)                                      | 0x00000200 | 0xaf400200 | 0x00000200            | 0x00000001 |
| mpe:dflash0_ucb     | bmhd2        | bmhd2 (567)                                      | 0x00000200 | 0xaf400400 | 0x00000400            | 0x00000001 |
| mpe:dflash0_ucb     | bmhd3        | bmhd3 (568)                                      | 0x00000200 | 0xaf400600 | 0x00000600            | 0x00000001 |
+------------------------------------------------------------------------------------------------------------------------------------------------------+

+ Space mpe:tc0:linear (MAU = 8bit)

+------------------------------------------------------------------------------------------------------------------------------------------------------+
| Chip                | Group        | Section                                          | Size (MAU) | Space addr | Chip addr             | Alignment  |
|======================================================================================================================================================|
| mpe:dspr0           |              | istack_tc0 (570)                                 | 0x00000400 | 0x70000000 | 0x0                   | 0x00000008 |
| mpe:dspr0           |              | ustack_tc0 (569)                                 | 0x00004000 | 0x70005000 | 0x00005000            | 0x00000008 |
+------------------------------------------------------------------------------------------------------------------------------------------------------+

+ Space mpe:tc0:csa (MAU = 8bit)

+------------------------------------------------------------------------------------------------------------------------------------------------------+
| Chip                | Group        | Section                                          | Size (MAU) | Space addr | Chip addr             | Alignment  |
|======================================================================================================================================================|
| mpe:dspr0           |              | csa_tc0 (571)                                    | 0x00001000 | 0xd0004000 | 0x00004000            | 0x00000040 |
+------------------------------------------------------------------------------------------------------------------------------------------------------+

+ Space mpe:tc1:csa (MAU = 8bit)

+------------------------------------------------------------------------------------------------------------------------------------------------------+
| Chip                | Group        | Section                                          | Size (MAU) | Space addr | Chip addr             | Alignment  |
|======================================================================================================================================================|
| mpe:dspr1           |              | csa_tc1 (574)                                    | 0x00001000 | 0xd0004000 | 0x00004000            | 0x00000040 |
+------------------------------------------------------------------------------------------------------------------------------------------------------+

+ Space mpe:vtc:mpe_tc0_abs18|mpe_tc1_abs18 (MAU = 8bit)

+------------------------------------------------------------------------------------------------------------------------------------------------------+
| Chip                | Group        | Section                                          | Size (MAU) | Space addr | Chip addr             | Alignment  |
|======================================================================================================================================================|
| mpe:dspr0+mpe:dspr1 |              | .zbss.clone.sync_on_halt._sync_on_halt_lcx (111) | 0x00000040 | 0xd0003f80 | 0x00003f80+0x00003f80 | 0x00000040 |
| mpe:dspr0+mpe:dspr1 |              | .zbss.clone.sync_on_halt._sync_on_halt_ucx (112) | 0x00000040 | 0xd0003fc0 | 0x00003fc0+0x00003fc0 | 0x00000040 |
+------------------------------------------------------------------------------------------------------------------------------------------------------+

* Symbols (sorted on name)
===========================
+------------------------------------------------------------------------+
| Name                | Space addr | Space                               |
|========================================================================|
| __INDIRECT__        | 0x0        | -                                   |
| __stack_limit       | 0x0        |                                     |
| _tcx_end_c_init     | 0x0        |                                     |
|------------------------------------------------------------------------|
| _A8_DATA_           | 0x0        | mpe:vtc:linear                      |
| _A8_DATA_TC1        | 0x0        |                                     |
| _A9_DATA_           | 0x0        |                                     |
| _A9_DATA_TC1        | 0x0        |                                     |
| _Exit               | 0x80000000 |                                     |
| _LITERAL_DATA_      | 0x0        |                                     |
| _LITERAL_DATA_TC1   | 0x0        |                                     |
| _SMALL_DATA_        | 0x0        |                                     |
| _SMALL_DATA_TC1     | 0x0        |                                     |
| _START              | 0xa0000020 |                                     |
| __printf_noarg2     | 0x800023e2 |                                     |
| _c_init             | 0x8000215e |                                     |
| _c_init_entry       | 0x8000216a |                                     |
| _close              | 0x80002496 |                                     |
| _dbg_request        | 0x90000000 |                                     |
| _dbg_trap           | 0x80000016 |                                     |
| _dbg_trap_tc        | 0x800022a6 |                                     |
| _do_quick_exit      | 0x80000018 |                                     |
| _doclose            | 0x80002320 |                                     |
| _doexit             | 0x80000018 |                                     |
| _dofls              | 0x8000233e |                                     |
| _dofree             | 0x80000018 |                                     |
| _doprint            | 0x800023e2 |                                     |
| _exit               | 0x8000240e |                                     |
| _fflush             | 0x80002420 |                                     |
| _flsbuf             | 0x8000248a |                                     |
| _host_close         | 0x80002496 |                                     |
| _host_lseek         | 0x800024aa |                                     |
| _host_write         | 0x800024c0 |                                     |
| _io_putc            | 0x800024d6 |                                     |
| _iob                | 0x900000b4 |                                     |
| _lc_gb_a0           | 0x0        |                                     |
| _lc_gb_a1           | 0x0        |                                     |
| _lc_gb_a8           | 0x0        |                                     |
| _lc_gb_a9           | 0x0        |                                     |
| _lc_gb_bmhd0        | 0xaf400000 |                                     |
| _lc_gb_bmhd1        | 0xaf400200 |                                     |
| _lc_gb_bmhd2        | 0xaf400400 |                                     |
| _lc_gb_bmhd3        | 0xaf400600 |                                     |
| _lc_gb_int_tab_tc0  | 0x0        |                                     |
| _lc_gb_int_tab_tc1  | 0x0        |                                     |
| _lc_gb_trap_tab_tc0 | 0xa00f4000 |                                     |
| _lc_gb_trap_tab_tc1 | 0xa00f4100 |                                     |
| _lc_ge_a0           | 0x0        |                                     |
| _lc_ge_a1           | 0x0        |                                     |
| _lc_ge_a8           | 0x0        |                                     |
| _lc_ge_a9           | 0x0        |                                     |
| _lc_ge_bmhd0        | 0xaf400200 |                                     |
| _lc_ge_bmhd1        | 0xaf400400 |                                     |
| _lc_ge_bmhd2        | 0xaf400600 |                                     |
| _lc_ge_bmhd3        | 0xaf400800 |                                     |
| _lc_ge_int_tab_tc0  | 0x0        |                                     |
| _lc_ge_int_tab_tc1  | 0x0        |                                     |
| _lc_ge_trap_tab_tc0 | 0xa00f40ea |                                     |
| _lc_ge_trap_tab_tc1 | 0xa00f41ea |                                     |
| _lc_u_int_tab       | 0xa00f0000 |                                     |
| _lc_u_int_tab_tc0   | 0xa00f0000 |                                     |
| _lc_u_int_tab_tc1   | 0xa00f2000 |                                     |
| _lc_u_trap_tab      | 0xa00f4000 |                                     |
| _lc_u_trap_tab_tc0  | 0xa00f4000 |                                     |
| _lc_u_trap_tab_tc1  | 0xa00f4100 |                                     |
| _lc_ub_table        | 0x800020ec |                                     |
| _lc_ub_table_tc1    | 0x8000212c |                                     |
| _lseek              | 0x800024aa |                                     |
| _sync_on_halt       | 0x800029ca |                                     |
| _sync_on_halt_end   | 0x8000001a |                                     |
| _trapassertion      | 0x80002566 |                                     |
| _trapbus            | 0x8000257a |                                     |
| _trapcontext        | 0x8000258e |                                     |
| _trapinstruction    | 0x800025a2 |                                     |
| _trapmmu            | 0x800025b6 |                                     |
| _trapnmi            | 0x800025c8 |                                     |
| _trapprotection     | 0x800025dc |                                     |
| _trapsystem         | 0x800025f0 |                                     |
| _weakstub           | 0x80000018 |                                     |
| _write              | 0x800024c0 |                                     |
| errno               | 0x90000000 |                                     |
| exit                | 0x80002946 |                                     |
| fclose              | 0x8000295c |                                     |
| fputc               | 0x80002984 |                                     |
| main                | 0x8000214c |                                     |
| printf              | 0x800029a4 |                                     |
|------------------------------------------------------------------------|
| _lc_ub_ustack       | 0x70005000 | mpe:tc0:linear                      |
| _lc_ub_ustack_tc0   | 0x70005000 |                                     |
| _lc_ue_istack       | 0x70000400 |                                     |
| _lc_ue_istack_tc0   | 0x70000400 |                                     |
| _lc_ue_ustack       | 0x70009000 |                                     |
| _lc_ue_ustack_tc0   | 0x70009000 |                                     |
|------------------------------------------------------------------------|
| _lc_ub_csa_01       | 0xd0004000 | mpe:tc0:csa                         |
| _lc_ub_csa_tc0      | 0xd0004000 |                                     |
| _lc_ue_csa_01       | 0xd0005000 |                                     |
| _lc_ue_csa_tc0      | 0xd0005000 |                                     |
|------------------------------------------------------------------------|
| _lc_ub_csa_tc1      | 0xd0004000 | mpe:tc1:csa                         |
| _lc_ue_csa_tc1      | 0xd0005000 |                                     |
|------------------------------------------------------------------------|
| _sync_on_halt_lcx   | 0xd0003f80 | mpe:vtc:mpe_tc0_abs18|mpe_tc1_abs18 |
| _sync_on_halt_ucx   | 0xd0003fc0 |                                     |
+------------------------------------------------------------------------+

* Symbols (sorted on address)
==============================
+------------------------------------------------------------------------+
| Space addr | Name                | Space                               |
|========================================================================|
| 0x0        | __INDIRECT__        | -                                   |
| 0x0        | __stack_limit       |                                     |
| 0x0        | _tcx_end_c_init     |                                     |
|------------------------------------------------------------------------|
| 0x0        | _A8_DATA_           | mpe:vtc:linear                      |
| 0x0        | _A8_DATA_TC1        |                                     |
| 0x0        | _A9_DATA_           |                                     |
| 0x0        | _A9_DATA_TC1        |                                     |
| 0x0        | _LITERAL_DATA_      |                                     |
| 0x0        | _LITERAL_DATA_TC1   |                                     |
| 0x0        | _SMALL_DATA_        |                                     |
| 0x0        | _SMALL_DATA_TC1     |                                     |
| 0x0        | _lc_gb_a0           |                                     |
| 0x0        | _lc_gb_a1           |                                     |
| 0x0        | _lc_gb_a8           |                                     |
| 0x0        | _lc_gb_a9           |                                     |
| 0x0        | _lc_gb_int_tab_tc0  |                                     |
| 0x0        | _lc_gb_int_tab_tc1  |                                     |
| 0x0        | _lc_ge_a0           |                                     |
| 0x0        | _lc_ge_a1           |                                     |
| 0x0        | _lc_ge_a8           |                                     |
| 0x0        | _lc_ge_a9           |                                     |
| 0x0        | _lc_ge_int_tab_tc0  |                                     |
| 0x0        | _lc_ge_int_tab_tc1  |                                     |
| 0x80000000 | _Exit               |                                     |
| 0x80000016 | _dbg_trap           |                                     |
| 0x80000018 | _do_quick_exit      |                                     |
| 0x80000018 | _doexit             |                                     |
| 0x80000018 | _dofree             |                                     |
| 0x80000018 | _weakstub           |                                     |
| 0x8000001a | _sync_on_halt_end   |                                     |
| 0x800020ec | _lc_ub_table        |                                     |
| 0x8000212c | _lc_ub_table_tc1    |                                     |
| 0x8000214c | main                |                                     |
| 0x8000215e | _c_init             |                                     |
| 0x8000216a | _c_init_entry       |                                     |
| 0x800022a6 | _dbg_trap_tc        |                                     |
| 0x80002320 | _doclose            |                                     |
| 0x8000233e | _dofls              |                                     |
| 0x800023e2 | __printf_noarg2     |                                     |
| 0x800023e2 | _doprint            |                                     |
| 0x8000240e | _exit               |                                     |
| 0x80002420 | _fflush             |                                     |
| 0x8000248a | _flsbuf             |                                     |
| 0x80002496 | _close              |                                     |
| 0x80002496 | _host_close         |                                     |
| 0x800024aa | _host_lseek         |                                     |
| 0x800024aa | _lseek              |                                     |
| 0x800024c0 | _host_write         |                                     |
| 0x800024c0 | _write              |                                     |
| 0x800024d6 | _io_putc            |                                     |
| 0x80002566 | _trapassertion      |                                     |
| 0x8000257a | _trapbus            |                                     |
| 0x8000258e | _trapcontext        |                                     |
| 0x800025a2 | _trapinstruction    |                                     |
| 0x800025b6 | _trapmmu            |                                     |
| 0x800025c8 | _trapnmi            |                                     |
| 0x800025dc | _trapprotection     |                                     |
| 0x800025f0 | _trapsystem         |                                     |
| 0x80002946 | exit                |                                     |
| 0x8000295c | fclose              |                                     |
| 0x80002984 | fputc               |                                     |
| 0x800029a4 | printf              |                                     |
| 0x800029ca | _sync_on_halt       |                                     |
| 0x90000000 | _dbg_request        |                                     |
| 0x90000000 | errno               |                                     |
| 0x900000b4 | _iob                |                                     |
| 0xa0000020 | _START              |                                     |
| 0xa00f0000 | _lc_u_int_tab       |                                     |
| 0xa00f0000 | _lc_u_int_tab_tc0   |                                     |
| 0xa00f2000 | _lc_u_int_tab_tc1   |                                     |
| 0xa00f4000 | _lc_gb_trap_tab_tc0 |                                     |
| 0xa00f4000 | _lc_u_trap_tab      |                                     |
| 0xa00f4000 | _lc_u_trap_tab_tc0  |                                     |
| 0xa00f40ea | _lc_ge_trap_tab_tc0 |                                     |
| 0xa00f4100 | _lc_gb_trap_tab_tc1 |                                     |
| 0xa00f4100 | _lc_u_trap_tab_tc1  |                                     |
| 0xa00f41ea | _lc_ge_trap_tab_tc1 |                                     |
| 0xaf400000 | _lc_gb_bmhd0        |                                     |
| 0xaf400200 | _lc_gb_bmhd1        |                                     |
| 0xaf400200 | _lc_ge_bmhd0        |                                     |
| 0xaf400400 | _lc_gb_bmhd2        |                                     |
| 0xaf400400 | _lc_ge_bmhd1        |                                     |
| 0xaf400600 | _lc_gb_bmhd3        |                                     |
| 0xaf400600 | _lc_ge_bmhd2        |                                     |
| 0xaf400800 | _lc_ge_bmhd3        |                                     |
|------------------------------------------------------------------------|
| 0x70000400 | _lc_ue_istack       | mpe:tc0:linear                      |
| 0x70000400 | _lc_ue_istack_tc0   |                                     |
| 0x70005000 | _lc_ub_ustack       |                                     |
| 0x70005000 | _lc_ub_ustack_tc0   |                                     |
| 0x70009000 | _lc_ue_ustack       |                                     |
| 0x70009000 | _lc_ue_ustack_tc0   |                                     |
|------------------------------------------------------------------------|
| 0xd0004000 | _lc_ub_csa_01       | mpe:tc0:csa                         |
| 0xd0004000 | _lc_ub_csa_tc0      |                                     |
| 0xd0005000 | _lc_ue_csa_01       |                                     |
| 0xd0005000 | _lc_ue_csa_tc0      |                                     |
|------------------------------------------------------------------------|
| 0xd0004000 | _lc_ub_csa_tc1      | mpe:tc1:csa                         |
| 0xd0005000 | _lc_ue_csa_tc1      |                                     |
|------------------------------------------------------------------------|
| 0xd0003f80 | _sync_on_halt_lcx   | mpe:vtc:mpe_tc0_abs18|mpe_tc1_abs18 |
| 0xd0003fc0 | _sync_on_halt_ucx   |                                     |
+------------------------------------------------------------------------+


**********************************************************************************  Locate Rules  **********************************************************************************
+----------------------------------------------------------------------------------------------------------------------------------------------------------------------------------+
| Address space                       | Type         | Properties | Prio | Sections                                                                                                |
|==================================================================================================================================================================================|
| mpe:vtc:mpe_tc0_abs18|mpe_tc1_abs18 | absolute     | 0xd0003f80 |    1 | .zbss.clone.sync_on_halt._sync_on_halt_lcx (111)                                                        |
| mpe:vtc:mpe_tc0_abs18|mpe_tc1_abs18 | absolute     | 0xd0003fc0 |    1 | .zbss.clone.sync_on_halt._sync_on_halt_ucx (112)                                                        |
| mpe:tc0:csa                         | absolute     | 0xd0004000 |    1 | csa_tc0 (571)                                                                                           |
| mpe:tc1:csa                         | absolute     | 0xd0004000 |    1 | csa_tc1 (574)                                                                                           |
| mpe:vtc:linear                      | absolute     | 0xaf400000 |    1 | bmhd0 (565)                                                                                             |
| mpe:vtc:linear                      | absolute     | 0xaf400200 |    1 | bmhd1 (566)                                                                                             |
| mpe:vtc:linear                      | absolute     | 0xaf400400 |    1 | bmhd2 (567)                                                                                             |
| mpe:vtc:linear                      | absolute     | 0xaf400600 |    1 | bmhd3 (568)                                                                                             |
| mpe:vtc:linear                      | absolute     | 0xa00f4000 |    1 | .text.traptab0.trapvec.000 (181)                                                                        |
| mpe:vtc:linear                      | absolute     | 0xa00f4020 |    1 | .text.traptab0.trapvec.001 (193)                                                                        |
| mpe:vtc:linear                      | absolute     | 0xa00f4040 |    1 | .text.traptab0.trapvec.002 (217)                                                                        |
| mpe:vtc:linear                      | absolute     | 0xa00f4060 |    1 | .text.traptab0.trapvec.003 (169)                                                                        |
| mpe:vtc:linear                      | absolute     | 0xa00f4080 |    1 | .text.traptab0.trapvec.004 (205)                                                                        |
| mpe:vtc:linear                      | absolute     | 0xa00f40a0 |    1 | .text.traptab0.trapvec.005 (157)                                                                        |
| mpe:vtc:linear                      | absolute     | 0xa00f40c0 |    1 | .text.traptab0.trapvec.006 (241)                                                                        |
| mpe:vtc:linear                      | absolute     | 0xa00f40e0 |    1 | .text.traptab0.trapvec.007 (229)                                                                        |
| mpe:vtc:linear                      | absolute     | 0xa00f4100 |    1 | .text.traptab1.trapvec.000 (182)                                                                        |
| mpe:vtc:linear                      | absolute     | 0xa00f4120 |    1 | .text.traptab1.trapvec.001 (194)                                                                        |
| mpe:vtc:linear                      | absolute     | 0xa00f4140 |    1 | .text.traptab1.trapvec.002 (218)                                                                        |
| mpe:vtc:linear                      | absolute     | 0xa00f4160 |    1 | .text.traptab1.trapvec.003 (170)                                                                        |
| mpe:vtc:linear                      | absolute     | 0xa00f4180 |    1 | .text.traptab1.trapvec.004 (206)                                                                        |
| mpe:vtc:linear                      | absolute     | 0xa00f41a0 |    1 | .text.traptab1.trapvec.005 (158)                                                                        |
| mpe:vtc:linear                      | absolute     | 0xa00f41c0 |    1 | .text.traptab1.trapvec.006 (242)                                                                        |
| mpe:vtc:linear                      | absolute     | 0xa00f41e0 |    1 | .text.traptab1.trapvec.007 (230)                                                                        |
| mpe:vtc:linear                      | absolute     | 0xa0000020 |    1 | .text.libc.reset (5)                                                                                    |
| mpe:tc0:linear                      | unrestricted |            |    1 | ustack_tc0 (569)                                                                                        |
| mpe:tc0:linear                      | unrestricted |            |    1 | istack_tc0 (570)                                                                                        |
| mpe:vtc:linear                      | clustered    |            |    1 | .bss._dbg_request.libcsw_fpu (436) + .bss.stdin_buf.libcsw_fpu (281) + .bss.stdout_buf.libcsw_fpu (282) |
| mpe:vtc:linear                      | clustered    |            |    1 | .data._iob.libcsw_fpu (283)                                                                             |
| mpe:vtc:linear                      | clustered    |            |    1 | [.data._iob.libcsw_fpu] (563)                                                                           |
| mpe:vtc:linear                      | ordered      |            |    1 | .rodata.xc800init (564)                                                                                 |
| mpe:vtc:linear                      | ordered      |            |    1 | .text.traptab0.trapvec.000 (181) < .text.traptab0.trapvec.001 (193) < .text.traptab0.trapvec.002 (217)  |
|                                     |              |            |      | < .text.traptab0.trapvec.003 (169) < .text.traptab0.trapvec.004 (205) < .text.traptab0.trapvec.005      |
|                                     |              |            |      | (157) < .text.traptab0.trapvec.006 (241) < .text.traptab0.trapvec.007 (229)                             |
| mpe:vtc:linear                      | ordered      |            |    1 | .text.traptab1.trapvec.000 (182) < .text.traptab1.trapvec.001 (194) < .text.traptab1.trapvec.002 (218)  |
|                                     |              |            |      | < .text.traptab1.trapvec.003 (170) < .text.traptab1.trapvec.004 (206) < .text.traptab1.trapvec.005      |
|                                     |              |            |      | (158) < .text.traptab1.trapvec.006 (242) < .text.traptab1.trapvec.007 (230)                             |
| mpe:vtc:linear                      | unrestricted |            |    1 | .text._Exit.libc (506) , .rodata.cstart._999001_csa_area_begin (8) ,                                    |
|                                     |              |            |      | .rodata.cstart._999002_csa_area_end (9) , table (562) , .text..cocofun_1.libcsw_fpu (430) ,             |
|                                     |              |            |      | .text.Hello.main (97) , .text._c_init.libcsw_fpu (136) , .text._c_init_entry.libcsw_fpu (135) ,         |
|                                     |              |            |      | .text._dbg_cacheawi.libcsw_fpu (518) , .text._dbg_trap.libcsw_fpu (516) ,                               |
|                                     |              |            |      | .text._dbg_trap_tc.libcsw_fpu (517) , .text._doclose.libcsw_fpu (280) , .text._dofls.libcsw_fpu (340)   |
|                                     |              |            |      | , .text._doprint.libcsw_fpu (262) , .text._exit.libcsw_fpu (488) , .text._fflush.libcsw_fpu (362) ,     |
|                                     |              |            |      | .text._flsbuf.libcsw_fpu (339) , .text._host_close.libcsw_fpu (434) , .text._host_lseek.libcsw_fpu      |
|                                     |              |            |      | (433) , .text._host_write.libcsw_fpu (432) , .text._io_putc.libcsw_fpu (376) ,                          |
|                                     |              |            |      | .text._ldmst_clear_byte.libcsw_fpu (133) , .text._ldmst_copy_byte.libcsw_fpu (134) ,                    |
|                                     |              |            |      | .text._trapassertion.libcsw_fpu (160) , .text._trapbus.libcsw_fpu (208) ,                               |
|                                     |              |            |      | .text._trapcontext.libcsw_fpu (172) , .text._trapinstruction.libcsw_fpu (220) ,                         |
|                                     |              |            |      | .text._trapmmu.libcsw_fpu (184) , .text._trapnmi.libcsw_fpu (232) , .text._trapprotection.libcsw_fpu    |
|                                     |              |            |      | (196) , .text._trapsystem.libcsw_fpu (244) , .text._weakstub.libcsw_fpu (497) , .text.cstart.__init_sp  |
|                                     |              |            |      | (6) , .text.cstart._start (7) , .text.exit.libcsw_fpu (412) , .text.fclose.libcsw_fpu (353) ,           |
|                                     |              |            |      | .text.fputc.libcsw_fpu (307) , .text.printf.libcsw_fpu (271) , .text.sync_on_halt._sync_on_halt (110)   |
|                                     |              |            |      | , .text.sync_on_halt._sync_on_halt_end (109) , .rodata.Hello..1.str (98)                                |
+----------------------------------------------------------------------------------------------------------------------------------------------------------------------------------+


********************************************************************************  Removed Sections  ********************************************************************************
+------------------------------------------------------------------------------------------------------------------------+
| Section                                        | File           | Library      | Symbol                 | Reason       |
|========================================================================================================================|
| .text.cstart._endinit_set (2)                  | cstart.obj     |              | _endinit_set           | unreferenced |
| .text.cstart._safety_endinit_set (4)           | cstart.obj     |              | _safety_endinit_set    | unreferenced |
| .text.cstart._safety_endinit_clear (3)         | cstart.obj     |              | _safety_endinit_clear  | unreferenced |
| .text.cstart_tc1._start_tc1 (58)               | cstart_tc1.obj |              | _start_tc1             | unreferenced |
| .text.cstart_tc1._endinit_clear_tc1 (56)       | cstart_tc1.obj |              | _endinit_clear_tc1     | unreferenced |
| .text.cstart_tc1._endinit_set_tc1 (57)         | cstart_tc1.obj |              | _endinit_set_tc1       | unreferenced |
| .text.cstart_tc1.__init_sp (59)                | cstart_tc1.obj |              | .L21                   | unreferenced |
| .rodata.cstart_tc1._999002_csa_area_end (62)   | cstart_tc1.obj |              | _999002_csa_area_end   | unreferenced |
| .text.cstart_tc1._start (60)                   | cstart_tc1.obj |              | .L23                   | unreferenced |
| .rodata.cstart_tc1._999001_csa_area_begin (61) | cstart_tc1.obj |              | _999001_csa_area_begin | unreferenced |
| .text.dummy.libcsw_fpu (253)                   | printf_noarg.o | libcsw_fpu.a | dummy                  | unreferenced |
| .text._dofil.libcsw_fpu (326)                  | _filbuf.o      | libcsw_fpu.a | _dofil                 | unreferenced |
| .text.ungetc.libcsw_fpu (316)                  | ungetc.o       | libcsw_fpu.a | ungetc                 | unreferenced |
| .text.fgetc.libcsw_fpu (298)                   | fgetc.o        | libcsw_fpu.a | fgetc                  | unreferenced |
| .text._filbuf.libcsw_fpu (325)                 | _filbuf.o      | libcsw_fpu.a | _filbuf                | unreferenced |
| .text.ungetwc.libcsw_fpu (403)                 | ungetwc.o      | libcsw_fpu.a | ungetwc                | unreferenced |
| .text.fgetwc.libcsw_fpu (385)                  | fgetwc.o       | libcsw_fpu.a | fgetwc                 | unreferenced |
| .text.fflush.libcsw_fpu (363)                  | fflush.o       | libcsw_fpu.a | fflush                 | unreferenced |
| .text.fputwc.libcsw_fpu (394)                  | fputwc.o       | libcsw_fpu.a | fputwc                 | unreferenced |
| .text._host_open.libcsw_fpu (429)              | dbg.o          | libcsw_fpu.a | _host_open             | unreferenced |
| .bss._Errno.libcsw_fpu (421)                   | errno.o        | libcsw_fpu.a | _Errno                 | unreferenced |
| .text._host_read.libcsw_fpu (431)              | dbg.o          | libcsw_fpu.a | _host_read             | unreferenced |
| .text._c_init_tc1.libcsw_fpu (507)             | cinit_tc1.o    | libcsw_fpu.a | _c_init_tc1            | unreferenced |
| .text._argcv.libcsw_fpu (435)                  | dbg.o          | libcsw_fpu.a | _argcv                 | unreferenced |
| .text._wfilbuf.libcsw_fpu (544)                | _wfilbuf.o     | libcsw_fpu.a | _wfilbuf               | unreferenced |
| .text._wflsbuf.libcsw_fpu (535)                | _wflsbuf.o     | libcsw_fpu.a | _wflsbuf               | unreferenced |
| .text.traptab2.trapvec.005 (159)               | trapass.o      | libcsw_fpu.a |                        | unreferenced |
| .text.traptab2.trapvec.003 (171)               | trapcont.o     | libcsw_fpu.a |                        | unreferenced |
| .text.traptab2.trapvec.000 (183)               | trapmmu.o      | libcsw_fpu.a |                        | unreferenced |
| .text.traptab2.trapvec.004 (207)               | trapbus.o      | libcsw_fpu.a |                        | unreferenced |
| .text.traptab2.trapvec.001 (195)               | trapprot.o     | libcsw_fpu.a |                        | unreferenced |
| .text.traptab2.trapvec.007 (231)               | trapnmi.o      | libcsw_fpu.a |                        | unreferenced |
| .text.traptab2.trapvec.002 (219)               | trapinst.o     | libcsw_fpu.a |                        | unreferenced |
| .text.traptab2.trapvec.006 (243)               | trapsys.o      | libcsw_fpu.a |                        | unreferenced |
| _lc__ctors (553)                               |                |              |                        | unreferenced |
| _lc__dtors (554)                               |                |              |                        | unreferenced |
| .text.cstart._endinit_clear (1)                | cstart.obj     |              | _endinit_clear         | unreferenced |
+------------------------------------------------------------------------------------------------------------------------+
